Microchip MPLAB XC8 Compiler V2.32

Linker command line:

-W-3 --edf=C:\Program Files\Microchip\xc8\v2.32\pic\dat\en_msgs.txt -cn \
  -h+dist/default/production\ProjetoFinalECOP14.X.production.sym \
  --cmf=dist/default/production\ProjetoFinalECOP14.X.production.cmf -z \
  -Q18F4520 -oC:\Users\LUCAS_~1\AppData\Local\Temp\xcAscvk.4 \
  --defsym=__MPLAB_BUILD=1 \
  -Mdist/default/production/ProjetoFinalECOP14.X.production.map -E1 \
  -ver=XC8 Compiler --acfsm=1493 -ASTACK=080h-05FFh -pstack=STACK \
  -ACODE=00h-07FFFh -ACONST=00h-07FFFh -ASMALLCONST=0600h-06FFhx122 \
  -AMEDIUMCONST=0600h-07FFFh -ACOMRAM=01h-07Fh -AABS1=00h-05FFh \
  -ABIGRAM=01h-05FFh -ARAM=080h-0FFh,0100h-01FFhx5 -ABANK0=080h-0FFh \
  -ABANK1=0100h-01FFh -ABANK2=0200h-02FFh -ABANK3=0300h-03FFh \
  -ABANK4=0400h-04FFh -ABANK5=0500h-05FFh -ASFR=0F80h-0FFFh \
  -ACONFIG=0300000h-030000Dh -AIDLOC=0200000h-0200007h \
  -AEEDATA=0F00000h-0F000FFh -peeprom_data=EEDATA \
  -preset_vec=00h,intcode,intcodelo,powerup,init -pramtop=0600h \
  -psmallconst=SMALLCONST -pmediumconst=MEDIUMCONST -pconst=CONST \
  -AFARRAM=00h-00h \
  -prdata=COMRAM,nvrram=COMRAM,nvbit=COMRAM,rbss=COMRAM,rbit=COMRAM \
  -pfarbss=FARRAM,fardata=FARRAM,nvFARRAM=FARRAM \
  -pintsave_regs=BIGRAM,bigbss=BIGRAM,bigdata=BIGRAM -pbss=RAM \
  -pidata=CODE,irdata=CODE,ibigdata=CODE,ifardata=CODE -prparam=COMRAM \
  C:\Users\LUCAS_~1\AppData\Local\Temp\xcAscvk.o \
  dist/default/production\ProjetoFinalECOP14.X.production.o 

Object code version is 3.11

Machine type is 18F4520



                Name                               Link     Load   Length Selector   Space Scale
C:\Users\LUCAS_~1\AppData\Local\Temp\xcAscvk.o
                idloc                            200000   200000        8        0       5
                config                           300000   300000        E        0       4
                init                                  0        0        4        0       0
dist/default/production\ProjetoFinalECOP14.X.production.o
                idloc                            200000   200000        8        0       5
                config                           300000   300000        E        0       4
                mediumconst                        7EDA     7EDA      126     3F6D       0
                text47                             6486     6486       AA     3243       0
                text46                             69D4     69D4      106     34EA       0
                text45                             63E2     63E2       A4     31F1       0
                text44                             635A     635A       88     31AD       0
                text43                             5E64     5E64       30     2F32       0
                text42                             5D1E     5D1E        2     2E8F       0
                text41                             755A     755A      24E     3AAD       0
                text40                             5F3A     5F3A       42     2F9D       0
                text39                             5E10     5E10       2A     2F08       0
                text38                             5E3A     5E3A       2A     2F1D       0
                text37                             5FC4     5FC4       4E     2FE2       0
                text36                             6116     6116       5A     308B       0
                text35                             5D66     5D66       1E     2EB3       0
                text34                             673E     673E       C4     339F       0
                text33                             65DA     65DA       B0     32ED       0
                text32                             5D84     5D84       1E     2EC2       0
                text31                             6170     6170       74     30B8       0
                text30                             6012     6012       56     3009       0
                text29                             60BE     60BE       58     305F       0
                text28                             7C4E     7C4E      28C     3E27       0
                text27                             77A8     77A8      24E     3BD4       0
                text26                             5F7C     5F7C       48     2FBE       0
                text25                             5D28     5D28        A     2E94       0
                text24                             61E4     61E4       78     30F2       0
                text23                             6ADA     6ADA      10C     356D       0
                text22                             5DC4     5DC4       26     2EE2       0
                text21                             70AA     70AA      16C     3855       0
                text20                             5DA2     5DA2       22     2ED1       0
                text19                             5D3C     5D3C       10     2E9E       0
                text18                             6530     6530       AA     3298       0
                text17                             6F40     6F40      16A     37A0       0
                text16                             6E0A     6E0A      136     3705       0
                text15                             5EFC     5EFC       3E     2F7E       0
                text14                             5E94     5E94       32     2F4A       0
                text13                             5DEA     5DEA       26     2EF5       0
                text12                             668A     668A       B4     3345       0
                text11                             68D2     68D2      102     3469       0
                text10                             7216     7216      1A2     390B       0
                text9                              73B8     73B8      1A2     39DC       0
                text8                              6BE6     6BE6      112     35F3       0
                text7                              6CF8     6CF8      112     367C       0
                text6                              62D8     62D8       82     316C       0
                text5                              79F6     79F6      258     3CFB       0
                text4                              625C     625C       7C     312E       0
                text3                              5D4C     5D4C       1A     2EA6       0
                text2                              6068     6068       56     3034       0
                text1                              5D20     5D20        8     2E90       0
                text0                              6802     6802       D0     3401       0
                cstackCOMRAM                          1        1       29        1       1
                dataCOMRAM                           4A       4A        A        1       1
                bssCOMRAM                            2A       2A       20        1       1
                cinit                              5EC6     5EC6       36     2F63       0
                idataCOMRAM                        5D32     5D32        A     5D32       0

TOTAL           Name                               Link     Load   Length     Space
        CLASS   STACK          

        CLASS   CODE           
                init                                  0        0        4         0
                text47                             6486     6486       AA         0
                text46                             69D4     69D4      106         0
                text45                             63E2     63E2       A4         0
                text44                             635A     635A       88         0
                text43                             5E64     5E64       30         0
                text42                             5D1E     5D1E        2         0
                text41                             755A     755A      24E         0
                text40                             5F3A     5F3A       42         0
                text39                             5E10     5E10       2A         0
                text38                             5E3A     5E3A       2A         0
                text37                             5FC4     5FC4       4E         0
                text36                             6116     6116       5A         0
                text35                             5D66     5D66       1E         0
                text34                             673E     673E       C4         0
                text33                             65DA     65DA       B0         0
                text32                             5D84     5D84       1E         0
                text31                             6170     6170       74         0
                text30                             6012     6012       56         0
                text29                             60BE     60BE       58         0
                text28                             7C4E     7C4E      28C         0
                text27                             77A8     77A8      24E         0
                text26                             5F7C     5F7C       48         0
                text25                             5D28     5D28        A         0
                text24                             61E4     61E4       78         0
                text23                             6ADA     6ADA      10C         0
                text22                             5DC4     5DC4       26         0
                text21                             70AA     70AA      16C         0
                text20                             5DA2     5DA2       22         0
                text19                             5D3C     5D3C       10         0
                text18                             6530     6530       AA         0
                text17                             6F40     6F40      16A         0
                text16                             6E0A     6E0A      136         0
                text15                             5EFC     5EFC       3E         0
                text14                             5E94     5E94       32         0
                text13                             5DEA     5DEA       26         0
                text12                             668A     668A       B4         0
                text11                             68D2     68D2      102         0
                text10                             7216     7216      1A2         0
                text9                              73B8     73B8      1A2         0
                text8                              6BE6     6BE6      112         0
                text7                              6CF8     6CF8      112         0
                text6                              62D8     62D8       82         0
                text5                              79F6     79F6      258         0
                text4                              625C     625C       7C         0
                text3                              5D4C     5D4C       1A         0
                text2                              6068     6068       56         0
                text1                              5D20     5D20        8         0
                text0                              6802     6802       D0         0
                cinit                              5EC6     5EC6       36         0
                idataCOMRAM                        5D32     5D32        A         0

        CLASS   CONST          

        CLASS   SMALLCONST     

        CLASS   MEDIUMCONST    
                mediumconst                        7EDA     7EDA      126         0

        CLASS   COMRAM         
                cstackCOMRAM                          1        1       29         1
                dataCOMRAM                           4A       4A        A         1
                bssCOMRAM                            2A       2A       20         1

        CLASS   ABS1           

        CLASS   BIGRAM         

        CLASS   RAM            

        CLASS   BANK0          

        CLASS   BANK1          

        CLASS   BANK2          

        CLASS   BANK3          

        CLASS   BANK4          

        CLASS   BANK5          

        CLASS   SFR            

        CLASS   CONFIG         
                config                           300000   300000        E         4

        CLASS   IDLOC          
                idloc                            200000   200000        8         5

        CLASS   EEDATA         

        CLASS   FARRAM         



SEGMENTS        Name                           Load    Length   Top    Selector   Space  Class

                reset_vec                      000000  000004  000004         0       0  CODE    
                cstackCOMRAM                   000001  000053  000054         1       1  COMRAM  
                text42                         005D1E  000002  005D20      2E8F       0  CODE    
                text1                          005D20  000008  005D28      2E90       0  CODE    
                text25                         005D28  00000A  005D32      2E94       0  CODE    
                idataCOMRAM                    005D32  00000A  005D3C      5D32       0  CODE    
                text19                         005D3C  000010  005D4C      2E9E       0  CODE    
                text3                          005D4C  00001A  005D66      2EA6       0  CODE    
                text35                         005D66  00001E  005D84      2EB3       0  CODE    
                text32                         005D84  00001E  005DA2      2EC2       0  CODE    
                text20                         005DA2  000022  005DC4      2ED1       0  CODE    
                text22                         005DC4  000026  005DEA      2EE2       0  CODE    
                text13                         005DEA  000026  005E10      2EF5       0  CODE    
                text39                         005E10  00002A  005E3A      2F08       0  CODE    
                text38                         005E3A  00002A  005E64      2F1D       0  CODE    
                text43                         005E64  000030  005E94      2F32       0  CODE    
                text14                         005E94  000032  005EC6      2F4A       0  CODE    
                cinit                          005EC6  000036  005EFC      2F63       0  CODE    
                text15                         005EFC  00003E  005F3A      2F7E       0  CODE    
                text40                         005F3A  000042  005F7C      2F9D       0  CODE    
                text26                         005F7C  000048  005FC4      2FBE       0  CODE    
                text37                         005FC4  00004E  006012      2FE2       0  CODE    
                text30                         006012  000056  006068      3009       0  CODE    
                text2                          006068  000056  0060BE      3034       0  CODE    
                text29                         0060BE  000058  006116      305F       0  CODE    
                text36                         006116  00005A  006170      308B       0  CODE    
                text31                         006170  000074  0061E4      30B8       0  CODE    
                text24                         0061E4  000078  00625C      30F2       0  CODE    
                text4                          00625C  00007C  0062D8      312E       0  CODE    
                text6                          0062D8  000082  00635A      316C       0  CODE    
                text44                         00635A  000088  0063E2      31AD       0  CODE    
                text45                         0063E2  0000A4  006486      31F1       0  CODE    
                text47                         006486  0000AA  006530      3243       0  CODE    
                text18                         006530  0000AA  0065DA      3298       0  CODE    
                text33                         0065DA  0000B0  00668A      32ED       0  CODE    
                text12                         00668A  0000B4  00673E      3345       0  CODE    
                text34                         00673E  0000C4  006802      339F       0  CODE    
                text0                          006802  0000D0  0068D2      3401       0  CODE    
                text11                         0068D2  000102  0069D4      3469       0  CODE    
                text46                         0069D4  000106  006ADA      34EA       0  CODE    
                text23                         006ADA  00010C  006BE6      356D       0  CODE    
                text8                          006BE6  000112  006CF8      35F3       0  CODE    
                text7                          006CF8  000112  006E0A      367C       0  CODE    
                text16                         006E0A  000136  006F40      3705       0  CODE    
                text17                         006F40  00016A  0070AA      37A0       0  CODE    
                text21                         0070AA  00016C  007216      3855       0  CODE    
                text10                         007216  0001A2  0073B8      390B       0  CODE    
                text9                          0073B8  0001A2  00755A      39DC       0  CODE    
                text41                         00755A  00024E  0077A8      3AAD       0  CODE    
                text27                         0077A8  00024E  0079F6      3BD4       0  CODE    
                text5                          0079F6  000258  007C4E      3CFB       0  CODE    
                text28                         007C4E  00028C  007EDA      3E27       0  CODE    
                mediumconst                    007EDA  000126  008000      3F6D       0  MEDIUMCO


UNUSED ADDRESS RANGES

        Name                Unused          Largest block    Delta
        BANK0            000080-0000FF               80
        BANK1            000100-0001FF              100
        BANK2            000200-0002FF              100
        BANK3            000300-0003FF              100
        BANK4            000400-0004FF              100
        BANK5            000500-0005FF              100
        BIGRAM           000054-0005FF              5AC
        CODE             000004-005D1D             5D1A
        COMRAM           000054-00007F               2C
        CONST            000004-005D1D             5D1A
        EEDATA           F00000-F000FF              100
        MEDIUMCONST      000600-005D1D             571E
        RAM              000080-0005FF              100
        SFR              000F80-000FFF               80
        SMALLCONST       000600-005D1D              100
        STACK            000080-0005FF              580

                                  Symbol Table

?___aldiv                cstackCOMRAM 000001
?___awdiv                cstackCOMRAM 000001
?___awmod                cstackCOMRAM 000009
?___fltol                cstackCOMRAM 000001
?___lldiv                cstackCOMRAM 000001
?___llmod                cstackCOMRAM 00000E
?_digitalRead            cstackCOMRAM 000001
?_kpRead                 cstackCOMRAM 000001
_AD                      bssCOMRAM    000042
_ADCON0                  (abs)        000FC2
_ADCON1                  (abs)        000FC1
_ADCON2                  (abs)        000FC0
_ADRESH                  (abs)        000FC4
_ADRESL                  (abs)        000FC3
_CCP2CON                 (abs)        000FBA
_CCPR2L                  (abs)        000FBB
_INTCON                  (abs)        000FF2
_MostraDisplay           text28       007C4E
_MostraDisplay$1195      cstackCOMRAM 000019
_MostraDisplay$1196      cstackCOMRAM 00001D
_PORTA                   (abs)        000F80
_PORTB                   (abs)        000F81
_PORTC                   (abs)        000F82
_PORTD                   (abs)        000F83
_PORTE                   (abs)        000F84
_PR2                     (abs)        000FCB
_PulseClockData          text39       005E10
_PulseEnClock            text38       005E3A
_T0CON                   (abs)        000FD5
_T2CON                   (abs)        000FCA
_TMR0H                   (abs)        000FD7
_TMR0L                   (abs)        000FD6
_TRISA                   (abs)        000F92
_TRISB                   (abs)        000F93
_TRISC                   (abs)        000F94
_TRISD                   (abs)        000F95
_TRISE                   (abs)        000F96
__HRAM                   (abs)        000000
__Habs1                  abs1         000000
__Hbank0                 bank0        000000
__Hbank1                 bank1        000000
__Hbank2                 bank2        000000
__Hbank3                 bank3        000000
__Hbank4                 bank4        000000
__Hbank5                 bank5        000000
__Hbigbss                bigbss       000000
__Hbigdata               bigdata      000000
__Hbigram                bigram       000000
__Hbss                   bss          000000
__HbssCOMRAM             bssCOMRAM    000000
__Hcinit                 cinit        000000
__Hclrtext               clrtext      000000
__Hcomram                comram       000000
__Hconfig                config       30000E
__Hconst                 const        000000
__HcstackCOMRAM          cstackCOMRAM 000000
__Hdata                  data         000000
__HdataCOMRAM            dataCOMRAM   000000
__Heeprom_data           eeprom_data  000000
__Hfarbss                farbss       000000
__Hfardata               fardata      000000
__Hibigdata              ibigdata     000000
__Hidata                 idata        000000
__HidataCOMRAM           idataCOMRAM  000000
__Hidloc                 idloc        200008
__Hifardata              ifardata     000000
__Hinit                  init         000004
__Hintcode               intcode      000000
__Hintcode_body          intcode_body 000000
__Hintcodelo             intcodelo    000000
__Hintentry              intentry     000000
__Hintret                intret       000000
__Hintsave_regs          intsave_regs 000000
__Hirdata                irdata       000000
__Hmediumconst           mediumconst  008000
__HnvFARRAM              nvFARRAM     000000
__Hnvbit                 nvbit        000000
__Hnvrram                nvrram       000000
__Hparam                 rparam       000000
__Hpowerup               powerup      000000
__Hram                   ram          000000
__Hramtop                ramtop       000600
__Hrbit                  rbit         000000
__Hrbss                  rbss         000000
__Hrdata                 rdata        000000
__Hreset_vec             reset_vec    000000
__Hrparam                rparam       000000
__Hsfr                   sfr          000000
__Hsmallconst            smallconst   000000
__Hspace_0               (abs)        008000
__Hspace_1               (abs)        000054
__Hspace_2               (abs)        000000
__Hspace_4               (abs)        60000E
__Hstack                 stack        000000
__Hstruct                struct       000000
__Htemp                  temp         000000
__Htext                  text         000000
__Htext0                 text0        000000
__Htext1                 text1        000000
__Htext10                text10       000000
__Htext11                text11       000000
__Htext12                text12       000000
__Htext13                text13       000000
__Htext14                text14       000000
__Htext15                text15       000000
__Htext16                text16       000000
__Htext17                text17       000000
__Htext18                text18       000000
__Htext19                text19       000000
__Htext2                 text2        000000
__Htext20                text20       000000
__Htext21                text21       000000
__Htext22                text22       000000
__Htext23                text23       000000
__Htext24                text24       000000
__Htext25                text25       000000
__Htext26                text26       000000
__Htext27                text27       000000
__Htext28                text28       000000
__Htext29                text29       000000
__Htext3                 text3        000000
__Htext30                text30       000000
__Htext31                text31       000000
__Htext32                text32       000000
__Htext33                text33       000000
__Htext34                text34       000000
__Htext35                text35       000000
__Htext36                text36       000000
__Htext37                text37       000000
__Htext38                text38       000000
__Htext39                text39       000000
__Htext4                 text4        000000
__Htext40                text40       000000
__Htext41                text41       000000
__Htext42                text42       000000
__Htext43                text43       000000
__Htext44                text44       000000
__Htext45                text45       000000
__Htext46                text46       000000
__Htext47                text47       000000
__Htext5                 text5        000000
__Htext6                 text6        000000
__Htext7                 text7        000000
__Htext8                 text8        000000
__Htext9                 text9        000000
__LRAM                   (abs)        000001
__Labs1                  abs1         000000
__Lbank0                 bank0        000000
__Lbank1                 bank1        000000
__Lbank2                 bank2        000000
__Lbank3                 bank3        000000
__Lbank4                 bank4        000000
__Lbank5                 bank5        000000
__Lbigbss                bigbss       000000
__Lbigdata               bigdata      000000
__Lbigram                bigram       000000
__Lbss                   bss          000000
__LbssCOMRAM             bssCOMRAM    000000
__Lcinit                 cinit        000000
__Lclrtext               clrtext      000000
__Lcomram                comram       000000
__Lconfig                config       000000
__Lconst                 const        000000
__LcstackCOMRAM          cstackCOMRAM 000000
__Ldata                  data         000000
__LdataCOMRAM            dataCOMRAM   000000
__Leeprom_data           eeprom_data  000000
__Lfarbss                farbss       000000
__Lfardata               fardata      000000
__Libigdata              ibigdata     000000
__Lidata                 idata        000000
__LidataCOMRAM           idataCOMRAM  000000
__Lidloc                 idloc        000000
__Lifardata              ifardata     000000
__Linit                  init         000000
__Lintcode               intcode      000000
__Lintcode_body          intcode_body 000000
__Lintcodelo             intcodelo    000000
__Lintentry              intentry     000000
__Lintret                intret       000000
__Lintsave_regs          intsave_regs 000000
__Lirdata                irdata       000000
__Lmediumconst           mediumconst  007EDA
__LnvFARRAM              nvFARRAM     000000
__Lnvbit                 nvbit        000000
__Lnvrram                nvrram       000000
__Lparam                 rparam       000000
__Lpowerup               powerup      000000
__Lram                   ram          000000
__Lramtop                ramtop       000600
__Lrbit                  rbit         000000
__Lrbss                  rbss         000000
__Lrdata                 rdata        000000
__Lreset_vec             reset_vec    000000
__Lrparam                rparam       000000
__Lsfr                   sfr          000000
__Lsmallconst            smallconst   000000
__Lspace_0               (abs)        000000
__Lspace_1               (abs)        000000
__Lspace_2               (abs)        000000
__Lspace_4               (abs)        000000
__Lstack                 stack        000000
__Lstruct                struct       000000
__Ltemp                  temp         000000
__Ltext                  text         000000
__Ltext0                 text0        000000
__Ltext1                 text1        000000
__Ltext10                text10       000000
__Ltext11                text11       000000
__Ltext12                text12       000000
__Ltext13                text13       000000
__Ltext14                text14       000000
__Ltext15                text15       000000
__Ltext16                text16       000000
__Ltext17                text17       000000
__Ltext18                text18       000000
__Ltext19                text19       000000
__Ltext2                 text2        000000
__Ltext20                text20       000000
__Ltext21                text21       000000
__Ltext22                text22       000000
__Ltext23                text23       000000
__Ltext24                text24       000000
__Ltext25                text25       000000
__Ltext26                text26       000000
__Ltext27                text27       000000
__Ltext28                text28       000000
__Ltext29                text29       000000
__Ltext3                 text3        000000
__Ltext30                text30       000000
__Ltext31                text31       000000
__Ltext32                text32       000000
__Ltext33                text33       000000
__Ltext34                text34       000000
__Ltext35                text35       000000
__Ltext36                text36       000000
__Ltext37                text37       000000
__Ltext38                text38       000000
__Ltext39                text39       000000
__Ltext4                 text4        000000
__Ltext40                text40       000000
__Ltext41                text41       000000
__Ltext42                text42       000000
__Ltext43                text43       000000
__Ltext44                text44       000000
__Ltext45                text45       000000
__Ltext46                text46       000000
__Ltext47                text47       000000
__Ltext5                 text5        000000
__Ltext6                 text6        000000
__Ltext7                 text7        000000
__Ltext8                 text8        000000
__Ltext9                 text9        000000
__S0                     (abs)        008000
__S1                     (abs)        000054
__S2                     (abs)        000000
__S4                     (abs)        000000
__S5                     (abs)        000000
___aldiv                 text23       006ADA
___aldiv@counter         cstackCOMRAM 000009
___aldiv@dividend        cstackCOMRAM 000001
___aldiv@divisor         cstackCOMRAM 000005
___aldiv@quotient        cstackCOMRAM 00000B
___aldiv@sign            cstackCOMRAM 00000A
___awdiv                 text34       00673E
___awdiv@counter         cstackCOMRAM 000005
___awdiv@dividend        cstackCOMRAM 000001
___awdiv@divisor         cstackCOMRAM 000003
___awdiv@quotient        cstackCOMRAM 000007
___awdiv@sign            cstackCOMRAM 000006
___awmod                 text33       0065DA
___awmod@counter         cstackCOMRAM 00000D
___awmod@dividend        cstackCOMRAM 000009
___awmod@divisor         cstackCOMRAM 00000B
___awmod@sign            cstackCOMRAM 00000E
___fleq                  text47       006486
___fleq@ff1              cstackCOMRAM 000001
___fleq@ff2              cstackCOMRAM 000005
___fltol                 text46       0069D4
___fltol@exp1            cstackCOMRAM 00000A
___fltol@f1              cstackCOMRAM 000001
___fltol@sign1           cstackCOMRAM 000009
___inthi_sp              stack        000000
___intlo_sp              stack        000000
___lldiv                 text45       0063E2
___lldiv@counter         cstackCOMRAM 00000D
___lldiv@dividend        cstackCOMRAM 000001
___lldiv@divisor         cstackCOMRAM 000005
___lldiv@quotient        cstackCOMRAM 000009
___llmod                 text44       00635A
___llmod@counter         cstackCOMRAM 000016
___llmod@dividend        cstackCOMRAM 00000E
___llmod@divisor         cstackCOMRAM 000012
___param_bank            (abs)        000000
___rparam_used           (abs)        000001
___sp                    stack        000000
__accesstop              (abs)        000080
__activetblptr           (abs)        000002
__end_of_MostraDisplay   text28       007EDA
__end_of_PulseClockData  text39       005E3A
__end_of_PulseEnClock    text38       005E64
__end_of___aldiv         text23       006BE6
__end_of___awdiv         text34       006802
__end_of___awmod         text33       00668A
__end_of___fleq          text47       006530
__end_of___fltol         text46       006ADA
__end_of___lldiv         text45       006486
__end_of___llmod         text44       0063E2
__end_of__initialization cinit        005EF2
__end_of_adcInit         text26       005FC4
__end_of_alarmeConfig    text11       0069D4
__end_of_alarmeHora      text10       0073B8
__end_of_charKey         mediumconst  007EF5
__end_of_compararAlarme  text18       0065DA
__end_of_delayMicro      text42       005D20
__end_of_delayMili       text43       005E94
__end_of_digitalRead     text17       0070AA
__end_of_digitalWrite    text41       0077A8
__end_of_horaConfig      text9        00755A
__end_of_kpDebounce      text16       006F40
__end_of_kpInit          text14       005EC6
__end_of_kpRead          text25       005D32
__end_of_kpReadKey       text24       00625C
__end_of_lcdChar         text32       005DA2
__end_of_lcdCommand      text35       005D84
__end_of_lcdInit         text12       00673E
__end_of_lcdNumber       text31       0061E4
__end_of_lcdString       text30       006068
__end_of_main            text0        0068D2
__end_of_menu            text5        007C4E
__end_of_menuAccess      text4        0062D8
__end_of_pinMode         text27       0079F6
__end_of_pulseEnablePin  text40       005F7C
__end_of_pushByte        text36       006170
__end_of_pushNibble      text13       005E10
__end_of_pwmFrequency    text22       005DEA
__end_of_pwmInit         text3        005D66
__end_of_radioConfig     text8        006CF8
__end_of_radioFreq       text7        006E0A
__end_of_selectFunction  text6        00635A
__end_of_soInit          text15       005F3A
__end_of_soWrite         text37       006012
__end_of_ssdDigit        text29       006116
__end_of_ssdInit         text2        0060BE
__end_of_ssdUpdate       text21       007216
__end_of_timerInit       text1        005D28
__end_of_timerReset      text20       005DC4
__end_of_timerWait       text19       005D4C
__end_of_valor           mediumconst  007EEB
__initialization         cinit        005EC6
__mediumconst            mediumconst  007EDA
__pbssCOMRAM             bssCOMRAM    00002A
__pcinit                 cinit        005EC6
__pcstackCOMRAM          cstackCOMRAM 000001
__pdataCOMRAM            dataCOMRAM   00004A
__pidataCOMRAM           idataCOMRAM  005D32
__pmediumconst           mediumconst  007EDA
__ptext0                 text0        006802
__ptext1                 text1        005D20
__ptext10                text10       007216
__ptext11                text11       0068D2
__ptext12                text12       00668A
__ptext13                text13       005DEA
__ptext14                text14       005E94
__ptext15                text15       005EFC
__ptext16                text16       006E0A
__ptext17                text17       006F40
__ptext18                text18       006530
__ptext19                text19       005D3C
__ptext2                 text2        006068
__ptext20                text20       005DA2
__ptext21                text21       0070AA
__ptext22                text22       005DC4
__ptext23                text23       006ADA
__ptext24                text24       0061E4
__ptext25                text25       005D28
__ptext26                text26       005F7C
__ptext27                text27       0077A8
__ptext28                text28       007C4E
__ptext29                text29       0060BE
__ptext3                 text3        005D4C
__ptext30                text30       006012
__ptext31                text31       006170
__ptext32                text32       005D84
__ptext33                text33       0065DA
__ptext34                text34       00673E
__ptext35                text35       005D66
__ptext36                text36       006116
__ptext37                text37       005FC4
__ptext38                text38       005E3A
__ptext39                text39       005E10
__ptext4                 text4        00625C
__ptext40                text40       005F3A
__ptext41                text41       00755A
__ptext42                text42       005D1E
__ptext43                text43       005E64
__ptext44                text44       00635A
__ptext45                text45       0063E2
__ptext46                text46       0069D4
__ptext47                text47       006486
__ptext5                 text5        0079F6
__ptext6                 text6        0062D8
__ptext7                 text7        006CF8
__ptext8                 text8        006BE6
__ptext9                 text9        0073B8
__ramtop                 ramtop       000600
__size_of_MostraDisplay  (abs)        000000
__size_of_PulseClockData (abs)        000000
__size_of_PulseEnClock   (abs)        000000
__size_of___aldiv        (abs)        000000
__size_of___awdiv        (abs)        000000
__size_of___awmod        (abs)        000000
__size_of___fleq         (abs)        000000
__size_of___fltol        (abs)        000000
__size_of___lldiv        (abs)        000000
__size_of___llmod        (abs)        000000
__size_of_adcInit        (abs)        000000
__size_of_alarmeConfig   (abs)        000000
__size_of_alarmeHora     (abs)        000000
__size_of_compararAlarme (abs)        000000
__size_of_delayMicro     (abs)        000000
__size_of_delayMili      (abs)        000000
__size_of_digitalRead    (abs)        000000
__size_of_digitalWrite   (abs)        000000
__size_of_horaConfig     (abs)        000000
__size_of_kpDebounce     (abs)        000000
__size_of_kpInit         (abs)        000000
__size_of_kpRead         (abs)        000000
__size_of_kpReadKey      (abs)        000000
__size_of_lcdChar        (abs)        000000
__size_of_lcdCommand     (abs)        000000
__size_of_lcdInit        (abs)        000000
__size_of_lcdNumber      (abs)        000000
__size_of_lcdString      (abs)        000000
__size_of_main           (abs)        000000
__size_of_menu           (abs)        000000
__size_of_menuAccess     (abs)        000000
__size_of_pinMode        (abs)        000000
__size_of_pulseEnablePin (abs)        000000
__size_of_pushByte       (abs)        000000
__size_of_pushNibble     (abs)        000000
__size_of_pwmFrequency   (abs)        000000
__size_of_pwmInit        (abs)        000000
__size_of_radioConfig    (abs)        000000
__size_of_radioFreq      (abs)        000000
__size_of_selectFunction (abs)        000000
__size_of_soInit         (abs)        000000
__size_of_soWrite        (abs)        000000
__size_of_ssdDigit       (abs)        000000
__size_of_ssdInit        (abs)        000000
__size_of_ssdUpdate      (abs)        000000
__size_of_timerInit      (abs)        000000
__size_of_timerReset     (abs)        000000
__size_of_timerWait      (abs)        000000
__smallconst             smallconst   000000
_adcInit                 text26       005F7C
_alarmeAtivo             dataCOMRAM   000051
_alarmeConfig            text11       0068D2
_alarmeHora              text10       007216
_alarmeTocando           dataCOMRAM   00004E
_am                      bssCOMRAM    000032
_charKey                 mediumconst  007EEB
_compararAlarme          text18       006530
_delayMicro              text42       005D1E
_delayMili               text43       005E64
_digitalRead             text17       006F40
_digitalWrite            text41       00755A
_disp                    dataCOMRAM   000053
_display                 bssCOMRAM    000048
_fm                      bssCOMRAM    000036
_fmStored                bssCOMRAM    00002E
_freq                    dataCOMRAM   00004F
_hora                    dataCOMRAM   00004A
_horaAlarme              bssCOMRAM    00002A
_horaConfig              text9        0073B8
_keys                    bssCOMRAM    00003E
_kpDebounce              text16       006E0A
_kpInit                  text14       005E94
_kpRead                  text25       005D28
_kpReadKey               text24       0061E4
_lcdChar                 text32       005D84
_lcdCommand              text35       005D66
_lcdInit                 text12       00668A
_lcdNumber               text31       006170
_lcdString               text30       006012
_main                    text0        006802
_menu                    text5        0079F6
_menuAccess              text4        00625C
_pinMode                 text27       0077A8
_pulseEnablePin          text40       005F3A
_pushByte                text36       006116
_pushNibble              text13       005DEA
_pwmFrequency            text22       005DC4
_pwmInit                 text3        005D4C
_radioAtivo              dataCOMRAM   000050
_radioConfig             text8        006BE6
_radioFreq               text7        006CF8
_selectFunction          text6        0062D8
_soInit                  text15       005EFC
_soWrite                 text37       005FC4
_soneca                  dataCOMRAM   000052
_ssdDigit                text29       0060BE
_ssdInit                 text2        006068
_ssdUpdate               text21       0070AA
_tecla                   bssCOMRAM    000040
_timerInit               text1        005D20
_timerReset              text20       005DA2
_timerWait               text19       005D3C
_v0                      bssCOMRAM    000047
_v1                      bssCOMRAM    000046
_v2                      bssCOMRAM    000045
_v3                      bssCOMRAM    000044
_valor                   mediumconst  007EDB
alarmeConfig@i           cstackCOMRAM 000017
alarmeHora@i             cstackCOMRAM 000019
alarmeHora@pos           cstackCOMRAM 000015
delayMicro@a             cstackCOMRAM 000001
delayMili@a              cstackCOMRAM 000001
delayMili@i              cstackCOMRAM 000004
digitalRead@pin          cstackCOMRAM 000001
digitalWrite@pin         cstackCOMRAM 000001
digitalWrite@value       cstackCOMRAM 000003
end_of_initialization    cinit        005EF2
horaConfig@i             cstackCOMRAM 000019
horaConfig@pos           cstackCOMRAM 000015
intlevel0                text         000000
intlevel1                text         000000
intlevel2                text         000000
intlevel3                text         000000
isa$std                  (abs)        000001
isa$xinst                (abs)        000000
kpDebounce@i             cstackCOMRAM 00000D
kpDebounce@newRead       bssCOMRAM    00003C
kpDebounce@oldRead       bssCOMRAM    00003A
kpDebounce@tempo         bssCOMRAM    000049
kpReadKey@i              cstackCOMRAM 000004
lcdChar@value            cstackCOMRAM 00000E
lcdCommand@value         cstackCOMRAM 00000E
lcdNumber@i              cstackCOMRAM 000011
lcdNumber@value          cstackCOMRAM 00000F
lcdString@i              cstackCOMRAM 000013
lcdString@msg            cstackCOMRAM 00000F
main@slot                cstackCOMRAM 000029
menu@i                   cstackCOMRAM 000021
menu@op                  cstackCOMRAM 000023
pinMode@pin              cstackCOMRAM 000001
pinMode@type             cstackCOMRAM 000003
pushByte@rs              cstackCOMRAM 00000A
pushByte@value           cstackCOMRAM 00000D
pushNibble@rs            cstackCOMRAM 00000A
pushNibble@value         cstackCOMRAM 00000C
pwmFrequency@freq        cstackCOMRAM 00000F
radioConfig@i            cstackCOMRAM 000017
radioFreq@i              cstackCOMRAM 000017
selectFunction@op        cstackCOMRAM 00001B
soWrite@i                cstackCOMRAM 000009
soWrite@value            cstackCOMRAM 000007
ssdDigit@pos             cstackCOMRAM 000017
ssdDigit@val             cstackCOMRAM 000018
stackhi                  (abs)        0005FF
stacklo                  (abs)        000080
start                    init         000000
start_initialization     cinit        005EC6
timerReset@ciclos        cstackCOMRAM 000003
timerReset@tempo         cstackCOMRAM 000001


MODULE INFORMATION

Module		Function		Class		Link	Load	Size
ssd.c
		_ssdInit       		CODE           	6068	0000	86
		_ssdDigit      		CODE           	60BE	0000	88
		_ssdUpdate     		CODE           	70AA	0000	364

ssd.c estimated size: 538

C:\Program Files\Microchip\xc8\v2.32\pic\sources\c99\common\awdiv.c
		___awdiv       		CODE           	673E	0000	196

C:\Program Files\Microchip\xc8\v2.32\pic\sources\c99\common\awdiv.c estimated size: 196

C:\Program Files\Microchip\xc8\v2.32\pic\sources\c99\common\aldiv.c
		___aldiv       		CODE           	6ADA	0000	268

C:\Program Files\Microchip\xc8\v2.32\pic\sources\c99\common\aldiv.c estimated size: 268

keypad.c
		_kpInit        		CODE           	5E94	0000	50
		_kpReadKey     		CODE           	61E4	0000	120
		_kpDebounce    		CODE           	6E0A	0000	310
		_kpRead        		CODE           	5D28	0000	10

keypad.c estimated size: 490

so.c
		_soInit        		CODE           	5EFC	0000	62
		_soWrite       		CODE           	5FC4	0000	78
		_PulseEnClock  		CODE           	5E3A	0000	42
		_PulseClockData		CODE           	5E10	0000	42

so.c estimated size: 224

io.c
		_digitalRead   		CODE           	6F40	0000	362
		_digitalWrite  		CODE           	755A	0000	590
		_pinMode       		CODE           	77A8	0000	590

io.c estimated size: 1542

timer.c
		_timerWait     		CODE           	5D3C	0000	16
		_timerReset    		CODE           	5DA2	0000	34
		_timerInit     		CODE           	5D20	0000	8

timer.c estimated size: 58

pwm.c
		_pwmInit       		CODE           	5D4C	0000	26
		_pwmFrequency  		CODE           	5DC4	0000	38

pwm.c estimated size: 64

C:\Program Files\Microchip\xc8\v2.32\pic\sources\c99\common\fleq.c
		___fleq        		CODE           	6486	0000	170

C:\Program Files\Microchip\xc8\v2.32\pic\sources\c99\common\fleq.c estimated size: 170

C:\Program Files\Microchip\xc8\v2.32\pic\sources\c99\common\llmod.c
		___llmod       		CODE           	635A	0000	136

C:\Program Files\Microchip\xc8\v2.32\pic\sources\c99\common\llmod.c estimated size: 136

adc.c
		_adcInit       		CODE           	5F7C	0000	72

adc.c estimated size: 72

shared
		_valor         		MEDIUMCONST    	7EDB	0000	16
		_charKey       		MEDIUMCONST    	7EEB	0000	10
		__initialization		CODE           	5EC6	0000	44

shared estimated size: 70

C:\Program Files\Microchip\xc8\v2.32\pic\sources\c99\common\awmod.c
		___awmod       		CODE           	65DA	0000	176

C:\Program Files\Microchip\xc8\v2.32\pic\sources\c99\common\awmod.c estimated size: 176

lcd.c
		_lcdCommand    		CODE           	5D66	0000	30
		_lcdChar       		CODE           	5D84	0000	30
		_lcdString     		CODE           	6012	0000	86
		_pulseEnablePin		CODE           	5F3A	0000	66
		_lcdNumber     		CODE           	6170	0000	116
		_pushByte      		CODE           	6116	0000	90
		_pushNibble    		CODE           	5DEA	0000	38
		_lcdInit       		CODE           	668A	0000	180
		_delayMili     		CODE           	5E64	0000	48
		_delayMicro    		CODE           	5D1E	0000	2

lcd.c estimated size: 686

C:\Program Files\Microchip\xc8\v2.32\pic\sources\c99\common\fltol.c
		___fltol       		CODE           	69D4	0000	262

C:\Program Files\Microchip\xc8\v2.32\pic\sources\c99\common\fltol.c estimated size: 262

C:\Program Files\Microchip\xc8\v2.32\pic\sources\c99\common\__lldiv.c
		___lldiv       		CODE           	63E2	0000	164

C:\Program Files\Microchip\xc8\v2.32\pic\sources\c99\common\__lldiv.c estimated size: 164

main.c
		_alarmeConfig  		CODE           	68D2	0000	258
		_MostraDisplay 		CODE           	7C4E	0000	652
		_selectFunction		CODE           	62D8	0000	130
		_menu          		CODE           	79F6	0000	600
		_horaConfig    		CODE           	73B8	0000	418
		_radioConfig   		CODE           	6BE6	0000	274
		_main          		CODE           	6802	0000	208
		_radioFreq     		CODE           	6CF8	0000	274
		_alarmeHora    		CODE           	7216	0000	418
		_menuAccess    		CODE           	625C	0000	124
		_compararAlarme		CODE           	6530	0000	170

main.c estimated size: 3526

